<!DOCTYPE html>
<html>
<head>
    
    
</head>
<body style="font-family: Arial;">
<h1 style="border: 1px solid #ccc; color: blue;">Hi</h1>
<table>
    <tr>
        <td class="headline" style="font-size: 24px; padding: 5px;">Some Headline</td>
    </tr>
</table>
</body>
</html>
