<!DOCTYPE html>
<html>
  <head>
    
    <link rel="stylesheet" href="file.css">
  </head>
  <body>
    <style>
@media only screen and (min-width: 640px) {
  .headline {
    color: blue;
  }
}
</style>
    <h1>Hi</h1>
    <table>
      <tbody>
        <tr>
          <td class="headline">Some Headline</td>
        </tr>
      </tbody>
    </table>
  </body>
</html>
