<html><head></head><body>
<%= config.sitePrefix %>verify?grant=<%= grant._id %>&amp;secret=<%= grant.secret %>
<div <%= config.sitePrefix %>></div>
        </body></html>
