<!DOCTYPE html><html><head>
    <style>
      h1 {
        border: 1px solid #ccc;
      }
    </style>
    
  </head>
  <body>
    <h1>Hi</h1>
    <table>
      <tbody><tr>
        <td class="headline">Some Headline</td>
      </tr>
    </tbody></table>
  

</body></html>
