<!DOCTYPE html>
<html>
  <head></head>
  <body>
    <h1><<Hi>></h1>
  </body>
</html>
