<html><head><link rel="stylesheet" href="codeblocks.css"></head><body>
    {{#if `age <= 40`}}<p>Young</p>{{/if}}
    </body>
</html>
