<html>
    <head><link rel="stylesheet" href="ejs.css"></head>
<body>
<%= config.sitePrefix %>verify?grant=<%= grant._id %>&secret=<%= grant.secret %>
<div <%= config.sitePrefix %>></div>
</body>
</html>
