<!DOCTYPE html>
<html>
  <head>
    
    <link rel="stylesheet" href="file.css">
  </head>
  <body>
    <style data-embed="">
        .headline {
          color: blue;
        }
    </style>
    <style data-embed="">
        .headline {
          color: green;
        }
    </style>
    <style data-embed="false">
        .headline {
          color: red;
        }
    </style>
    <style data-embed="undefined">
        .headline {
          color: yellow;
        }
    </style>
    <style data-embed="null">
        .headline {
          color: cyan;
        }
    </style>
    <h1>Hi</h1>
    <table>
      <tbody>
        <tr>
          <td class="headline">Some Headline</td>
        </tr>
      </tbody>
    </table>
  </body>
</html>
