<html>
<head>
</head>
<body>
    {{#if `age <= 40`}}<p>Young</p>{{/if}}
</body>
</html>
    