<html><head></head><body style="padding-top: 20px;">
</body></html>
