<!DOCTYPE html>
<html>
  <head>
    
    
  </head>
  <body>
    <h1>Hi</h1>
    <table>
      <tbody>
        <tr>
          <td class="headline">Some Headline</td>
        </tr>
      </tbody>
    </table>
  </body>
</html>
