<html><head></head><body>
<ul>
  <li style="color: #f00; display: block;">
    <ul>
      <li style="color: #f00; display: block;">
        <ul>
          <li style="color: #f00; display: block;"></li>
        </ul>
      </li>
    </ul>
  </li>
</ul>
</body></html>
