<html>
<head></head>
<body>
<p style="margin: 0 0 12px 0; margin-bottom: 12px;">Dear &lt;insert name&gt;,<insert name=""></insert></p>
</body></html>
