<html><body style="color: red;">
    {{#if `age <= 40`}}<p style="color: red;">Young</p>{{/if}}
</body>
</html>    
