<html><head></head><body>
<p style="background: url('/woot');">woot</p>
</body></html>
