<html><head></head>
<body style="color: red;">
<%= config.sitePrefix %>verify?grant=<%= grant._id %>&amp;secret=<%= grant.secret %>
<div <%= config.sitePrefix %>></div>
        </body></html>
