<html>
<head>
    
</head>
<body>
    <p style="font-family: 'Open Sans', Arial, sans-serif;">hi</p>
    <p style="font-family: 'Open Sans', Arial, sans-serif;">there</p>
</body>
</html>
