<html>
<head>
    
</head>
<body>
    <p style="height: 200px;">none</p>
    <table>
        <tr>
            <td style="height: 200px;" height="200">
                tall
            </td>
        </tr>
    </table>
    <img src="" alt="tall" style="height: 200px;" height="200">
</body>
</html>
