<html><head></head><body>
<div id="test" style="display: none;">woot</div>
</body></html>
