<html><head></head><body>
<a id="a" style="background: blue !important; border-style: dashed !important; color: red !important;">woot</a>
</body></html>
