<html><head></head><body><style>
@media  {
  p {
    color: red;
  }
}
</style><p></p></body></html>
