<html><head></head><body><p>hi</p>

</body></html>
