<html style="-ms-text-size-adjust: 100%; -webkit-text-size-adjust: 100%; font-family: sans-serif;">
  <head>
  </head>
  <body style="margin: 0;">
    <h1 style="font-size: 2em; margin: 0.67em 0;">normalize.css</h1>
  </body>
</html>
