<html style="-webkit-text-size-adjust: 100%; line-height: 1.15;">
  <head>
    
  </head>
  <body style="margin: 0;">
    <h1 style="font-size: 2em; margin: 0.67em 0;">hello</h1>
  </body>
</html>
