<html><head></head><body>
<div style="color: red; display: inline-block; font-size: 12px; width: 100%;">Test</div>
<div style="color: red; display: inline-block; font-size: 12px; width: 100%;">Test</div>
</body></html>
