<html>
  <head>
    
  </head>
  <body>
    <p>hello, you are my <strong style="color: blue;">favorite</strong> person</p>
  </body>
</html>
