<html><head></head><body>
<div id="wrap" a="b">
  <div class="wrap" id="wrap-2" style="display: inline-block;">
    <div id="a" style="background: green; border-color: green; color: red; display: block;"></div>
  </div>
</div>
</body></html>
