<html><head></head><body>
<p style="background: blue; color: red;">The color should stay intact</p>
</body></html>
