<html><head>
              </head>
  <body>
    <p style="color: red; text-decoration: underline;">hello, you are my <strong style="color: blue; font-weight: bold;">favorite</strong> person</p>
  </body>
</html>
