<html>
<head>
    
</head>
<body>
    <p style="width: 200px;">none</p>
    <table>
        <tbody>
            <tr>
                <td style="width: 200px;" width="200">
                    wide
                </td>
            </tr>
        </tbody>
    </table>
    <img src="" alt="wide" style="width: 200px;" width="200">
</body>
</html>
