<html style="background: #FFF; color: #000;">
  <head>
  </head>
  <body style="margin: 0; padding: 0;">
    <h1 style="font-size: 100%; font-weight: normal; margin: 0; padding: 0;">hello</h1>
  </body>
</html>
